  [baseline__clean__seed3] acc=0.1180 diverged=False (120.8s)
  [bandclip__clean__floor0.8__seed3] acc=0.1783 diverged=False (125.2s)
  [baseline__clean__seed4] acc=0.1857 diverged=False (126.1s)
  [bandclip__clean__floor0.8__seed4] acc=0.1919 diverged=False (129.4s)
  [baseline__clean__seed5] acc=0.1486 diverged=False (124.5s)
  [bandclip__clean__floor0.8__seed5] acc=0.2227 diverged=False (123.2s)
  [baseline__clean__seed6] acc=0.1474 diverged=False (124.6s)
  [bandclip__clean__floor0.8__seed6] acc=0.1601 diverged=False (123.4s)
  [baseline__clean__seed7] acc=0.1757 diverged=False (123.6s)
  [bandclip__clean__floor0.8__seed7] acc=0.1886 diverged=False (123.8s)
  [baseline__clean__seed8] acc=0.2278 diverged=False (122.6s)
  [bandclip__clean__floor0.8__seed8] acc=0.1331 diverged=False (124.3s)
  [baseline__clean__seed9] acc=0.1477 diverged=False (125.5s)
  [bandclip__clean__floor0.8__seed9] acc=0.1468 diverged=False (124.9s)
[clean] baseline=0.1713+-0.0315  bandclip(floor=0.8)=0.1926+-0.0372  wilcoxon p=0.10547
  [baseline__ipm__seed3] acc=0.1179 diverged=False (128.9s)
  [bandclip__ipm__floor0.8__seed3] acc=0.1198 diverged=False (126.6s)
  [baseline__ipm__seed4] acc=0.1953 diverged=False (129.3s)
  [bandclip__ipm__floor0.8__seed4] acc=0.1993 diverged=False (127.9s)
  [baseline__ipm__seed5] acc=0.1572 diverged=False (128.2s)
  [bandclip__ipm__floor0.8__seed5] acc=0.1808 diverged=False (128.1s)
  [baseline__ipm__seed6] acc=0.1717 diverged=False (127.4s)
  [bandclip__ipm__floor0.8__seed6] acc=0.1778 diverged=False (129.8s)
  [baseline__ipm__seed7] acc=0.1473 diverged=False (128.6s)
  [bandclip__ipm__floor0.8__seed7] acc=0.1472 diverged=False (129.0s)
  [baseline__ipm__seed8] acc=0.1675 diverged=False (139.1s)
  [bandclip__ipm__floor0.8__seed8] acc=0.2430 diverged=False (127.4s)
  [baseline__ipm__seed9] acc=0.1739 diverged=False (126.2s)
  [bandclip__ipm__floor0.8__seed9] acc=0.1406 diverged=False (129.4s)
[ipm] baseline=0.1626+-0.0226  bandclip(floor=0.8)=0.1797+-0.0340  wilcoxon p=0.06445

Band-clip scale-up done.
