
======================================================================
=== RUNNING measure_heterogeneity.py  ===
======================================================================
Loading MNIST...
[mnist] warmup...
  [mnist] alpha=100.0: zeta_mean=0.1444 (per-snapshot zeta^2=[0.0195, 0.0222])
  [mnist] alpha=0.5: zeta_mean=0.7720 (per-snapshot zeta^2=[0.5576, 0.6343])
  [mnist] alpha=0.1: zeta_mean=1.5029 (per-snapshot zeta^2=[2.1184, 2.3991])
Loading CIFAR-10...
[cifar10] warmup...
  [cifar10] alpha=100.0: zeta_mean=0.1588 (per-snapshot zeta^2=[0.0277, 0.0228])
  [cifar10] alpha=0.5: zeta_mean=1.0839 (per-snapshot zeta^2=[1.2044, 1.1453])
  [cifar10] alpha=0.1: zeta_mean=1.8234 (per-snapshot zeta^2=[3.4018, 3.2481])

Heterogeneity measurement done.

======================================================================
=== RUNNING bias_floor_sweep.py  ===
======================================================================
Loading MNIST...
  [mnist__alpha100.0__byz0__seed0] acc=0.7146 loss=0.9205 diverged=False (89.4s)
  [mnist__alpha100.0__byz0__seed1] acc=0.7085 loss=1.0385 diverged=False (90.1s)
  [mnist__alpha100.0__byz0__seed2] acc=0.6690 loss=1.0338 diverged=False (91.4s)
  [mnist__alpha100.0__byz0__seed3] acc=0.7007 loss=1.2180 diverged=False (87.2s)
  [mnist__alpha100.0__byz0__seed4] acc=0.3806 loss=5.7914 diverged=False (75.7s)
  [mnist__alpha100.0__byz2__seed0] acc=0.7360 loss=1.0831 diverged=False (93.6s)
  [mnist__alpha100.0__byz2__seed1] acc=0.6762 loss=1.2506 diverged=False (93.4s)
  [mnist__alpha100.0__byz2__seed2] acc=0.7200 loss=0.9229 diverged=False (93.6s)
  [mnist__alpha100.0__byz2__seed3] acc=0.6472 loss=1.4356 diverged=False (93.0s)
  [mnist__alpha100.0__byz2__seed4] acc=0.5718 loss=2.5502 diverged=False (93.0s)
  [mnist__alpha100.0__byz4__seed0] acc=0.6925 loss=1.2949 diverged=False (79.9s)
  [mnist__alpha100.0__byz4__seed1] acc=0.6827 loss=1.4558 diverged=False (96.2s)
  [mnist__alpha100.0__byz4__seed2] acc=0.7376 loss=0.9794 diverged=False (98.0s)
  [mnist__alpha100.0__byz4__seed3] acc=0.6487 loss=1.6265 diverged=False (96.4s)
  [mnist__alpha100.0__byz4__seed4] acc=0.6204 loss=1.4978 diverged=False (98.0s)
  [mnist__alpha0.5__byz0__seed0] acc=0.7190 loss=0.9418 diverged=False (90.0s)
  [mnist__alpha0.5__byz0__seed1] acc=0.6934 loss=1.0549 diverged=False (89.5s)
  [mnist__alpha0.5__byz0__seed2] acc=0.6714 loss=0.9337 diverged=False (90.3s)
  [mnist__alpha0.5__byz0__seed3] acc=0.6708 loss=1.2233 diverged=False (89.4s)
  [mnist__alpha0.5__byz0__seed4] acc=0.4757 loss=3.5344 diverged=False (90.4s)
  [mnist__alpha0.5__byz2__seed0] acc=0.3503 loss=2.1673 diverged=False (92.6s)
  [mnist__alpha0.5__byz2__seed1] acc=0.2601 loss=2.1728 diverged=False (93.5s)
  [mnist__alpha0.5__byz2__seed2] acc=0.4153 loss=2.0764 diverged=False (94.3s)
  [mnist__alpha0.5__byz2__seed3] acc=0.0974 loss=2.2240 diverged=False (92.7s)
  [mnist__alpha0.5__byz2__seed4] acc=0.6351 loss=1.5892 diverged=False (95.1s)
  [mnist__alpha0.5__byz4__seed0] acc=0.1458 loss=2.3153 diverged=False (97.7s)
  [mnist__alpha0.5__byz4__seed1] acc=0.1010 loss=2.3120 diverged=False (97.3s)
  [mnist__alpha0.5__byz4__seed2] acc=0.1715 loss=2.2800 diverged=False (96.4s)
  [mnist__alpha0.5__byz4__seed3] acc=0.1389 loss=2.2999 diverged=False (96.3s)
  [mnist__alpha0.5__byz4__seed4] acc=0.1578 loss=2.2823 diverged=False (97.3s)
  [mnist__alpha0.1__byz0__seed0] acc=0.5660 loss=1.2869 diverged=False (87.7s)
  [mnist__alpha0.1__byz0__seed1] acc=0.4860 loss=1.4223 diverged=False (89.1s)
  [mnist__alpha0.1__byz0__seed2] acc=0.6308 loss=1.1043 diverged=False (89.6s)
  [mnist__alpha0.1__byz0__seed3] acc=0.2315 loss=2.0465 diverged=False (88.3s)
  [mnist__alpha0.1__byz0__seed4] acc=0.3932 loss=3.6785 diverged=False (92.0s)
  [mnist__alpha0.1__byz2__seed0] acc=0.1337 loss=2.4254 diverged=False (94.9s)
  [mnist__alpha0.1__byz2__seed1] acc=0.2851 loss=2.2812 diverged=False (93.4s)
  [mnist__alpha0.1__byz2__seed2] acc=0.2963 loss=2.2437 diverged=False (94.6s)
  [mnist__alpha0.1__byz2__seed3] acc=0.1484 loss=2.3289 diverged=False (96.1s)
  [mnist__alpha0.1__byz2__seed4] acc=0.1967 loss=2.1300 diverged=False (96.1s)
  [mnist__alpha0.1__byz4__seed0] acc=0.1135 loss=2.3264 diverged=False (97.2s)
  [mnist__alpha0.1__byz4__seed1] acc=0.0826 loss=2.3224 diverged=False (96.6s)
  [mnist__alpha0.1__byz4__seed2] acc=0.1444 loss=2.3191 diverged=False (97.2s)
  [mnist__alpha0.1__byz4__seed3] acc=0.0982 loss=2.3193 diverged=False (84.5s)
  [mnist__alpha0.1__byz4__seed4] acc=0.0955 loss=2.3231 diverged=False (98.6s)
Loading CIFAR-10...
  [cifar10__alpha100.0__byz0__seed0] acc=0.1663 loss=2.2262 diverged=False (151.8s)
  [cifar10__alpha100.0__byz0__seed1] acc=0.1865 loss=2.2144 diverged=False (151.1s)
  [cifar10__alpha100.0__byz0__seed2] acc=0.2167 loss=2.1866 diverged=False (151.1s)
  [cifar10__alpha100.0__byz0__seed3] acc=0.1555 loss=2.2329 diverged=False (150.5s)
  [cifar10__alpha100.0__byz0__seed4] acc=0.1993 loss=2.2084 diverged=False (152.1s)
  [cifar10__alpha100.0__byz2__seed0] acc=0.1936 loss=2.2261 diverged=False (157.5s)
  [cifar10__alpha100.0__byz2__seed1] acc=0.2235 loss=2.2200 diverged=False (154.8s)
  [cifar10__alpha100.0__byz2__seed2] acc=0.2274 loss=2.2210 diverged=False (155.1s)
  [cifar10__alpha100.0__byz2__seed3] acc=0.2300 loss=2.2553 diverged=False (155.1s)
  [cifar10__alpha100.0__byz2__seed4] acc=0.2208 loss=2.2125 diverged=False (156.8s)
  [cifar10__alpha100.0__byz4__seed0] acc=0.1990 loss=2.2444 diverged=False (160.6s)
  [cifar10__alpha100.0__byz4__seed1] acc=0.1892 loss=2.2481 diverged=False (159.6s)
  [cifar10__alpha100.0__byz4__seed2] acc=0.1744 loss=2.2380 diverged=False (158.6s)
  [cifar10__alpha100.0__byz4__seed3] acc=0.1258 loss=2.2680 diverged=False (158.1s)
  [cifar10__alpha100.0__byz4__seed4] acc=0.1974 loss=2.2520 diverged=False (159.9s)
  [cifar10__alpha0.5__byz0__seed0] acc=0.1862 loss=2.2123 diverged=False (151.5s)
  [cifar10__alpha0.5__byz0__seed1] acc=0.1615 loss=2.2348 diverged=False (150.4s)
  [cifar10__alpha0.5__byz0__seed2] acc=0.1753 loss=2.2109 diverged=False (139.3s)
  [cifar10__alpha0.5__byz0__seed3] acc=0.2004 loss=2.2410 diverged=False (149.3s)
  [cifar10__alpha0.5__byz0__seed4] acc=0.1515 loss=2.2383 diverged=False (150.9s)
  [cifar10__alpha0.5__byz2__seed0] acc=0.1000 loss=2.3050 diverged=False (156.7s)
  [cifar10__alpha0.5__byz2__seed1] acc=0.1184 loss=2.3074 diverged=False (156.4s)
  [cifar10__alpha0.5__byz2__seed2] acc=0.1000 loss=2.3080 diverged=False (155.2s)
  [cifar10__alpha0.5__byz2__seed3] acc=0.1113 loss=2.2945 diverged=False (154.0s)
  [cifar10__alpha0.5__byz2__seed4] acc=0.1022 loss=2.3379 diverged=False (156.2s)
  [cifar10__alpha0.5__byz4__seed0] acc=0.1000 loss=2.3370 diverged=False (161.2s)
  [cifar10__alpha0.5__byz4__seed1] acc=0.1000 loss=2.3286 diverged=False (159.7s)
  [cifar10__alpha0.5__byz4__seed2] acc=0.1077 loss=2.3320 diverged=False (160.3s)
  [cifar10__alpha0.5__byz4__seed3] acc=0.1000 loss=2.3183 diverged=False (159.1s)
  [cifar10__alpha0.5__byz4__seed4] acc=0.1000 loss=2.3242 diverged=False (159.3s)
  [cifar10__alpha0.1__byz0__seed0] acc=0.1826 loss=2.2665 diverged=False (150.9s)
  [cifar10__alpha0.1__byz0__seed1] acc=0.1035 loss=2.3039 diverged=False (150.4s)
  [cifar10__alpha0.1__byz0__seed2] acc=0.1476 loss=2.2400 diverged=False (148.6s)
  [cifar10__alpha0.1__byz0__seed3] acc=0.1515 loss=2.2669 diverged=False (145.4s)
  [cifar10__alpha0.1__byz0__seed4] acc=0.1000 loss=2.3971 diverged=False (149.3s)
  [cifar10__alpha0.1__byz2__seed0] acc=0.1000 loss=2.3130 diverged=False (154.3s)
  [cifar10__alpha0.1__byz2__seed1] acc=0.0961 loss=2.3172 diverged=False (155.5s)
  [cifar10__alpha0.1__byz2__seed2] acc=0.1042 loss=2.3498 diverged=False (154.9s)
  [cifar10__alpha0.1__byz2__seed3] acc=0.1000 loss=2.3139 diverged=False (153.7s)
  [cifar10__alpha0.1__byz2__seed4] acc=0.1000 loss=2.4577 diverged=False (152.4s)
  [cifar10__alpha0.1__byz4__seed0] acc=0.1000 loss=2.3603 diverged=False (174.9s)
  [cifar10__alpha0.1__byz4__seed1] acc=0.1000 loss=2.3572 diverged=False (90.7s)
  [cifar10__alpha0.1__byz4__seed2] acc=0.1000 loss=2.3498 diverged=False (93.6s)
  [cifar10__alpha0.1__byz4__seed3] acc=0.1000 loss=2.3307 diverged=False (93.8s)
  [cifar10__alpha0.1__byz4__seed4] acc=0.1003 loss=2.3225 diverged=False (93.3s)

Bias-floor sweep done.

======================================================================
=== RUNNING aggregate_bias_floor.py  ===
======================================================================
Wrote C:\Users\HP\Downloads\New folder\New folder\scripts\..\results\bias_floor\aggregate_report.json
Confirmatory family size: 24, Bonferroni alpha: 0.00208
Tests surviving Bonferroni correction: 0/24
[mnist] scaling regression: slope=-0.384 r^2=0.283 p=0.4683 (n=4)
[cifar10] scaling regression: slope=0.475 r^2=0.590 p=0.0743 (n=6)

Bias-floor pipeline complete.

======================================================================
=== RUNNING measure_heterogeneity.py  ===
======================================================================
Loading MNIST...
[mnist] warmup...
Loading CIFAR-10...
[cifar10] warmup...

Heterogeneity measurement done.

======================================================================
=== RUNNING measure_rho_matched.py  ===
======================================================================
delta_byz=0.1: c_empirical=0.4477
delta_byz=0.2: c_empirical=0.5895
Wrote C:\Users\HP\Downloads\New folder\New folder\scripts\..\results\bias_floor\rho_matched.json

======================================================================
=== RUNNING bias_floor_sweep.py  ===
======================================================================
Loading MNIST...
  [mnist__alpha100.0__byz0__seed5] acc=0.5790 loss=1.1360 diverged=False (65.0s)
  [mnist__alpha100.0__byz0__seed6] acc=0.6268 loss=1.1405 diverged=False (60.7s)
  [mnist__alpha100.0__byz0__seed7] acc=0.4920 loss=1.9398 diverged=False (61.6s)
  [mnist__alpha100.0__byz0__seed8] acc=0.6844 loss=0.9358 diverged=False (61.5s)
  [mnist__alpha100.0__byz0__seed9] acc=0.5677 loss=2.2148 diverged=False (66.2s)
  [mnist__alpha100.0__byz2__seed5] acc=0.6409 loss=1.0029 diverged=False (63.3s)
  [mnist__alpha100.0__byz2__seed6] acc=0.6951 loss=0.9756 diverged=False (63.0s)
  [mnist__alpha100.0__byz2__seed7] acc=0.6295 loss=1.0596 diverged=False (62.7s)
  [mnist__alpha100.0__byz2__seed8] acc=0.7038 loss=1.0213 diverged=False (66.9s)
  [mnist__alpha100.0__byz2__seed9] acc=0.5183 loss=1.9902 diverged=False (63.6s)
  [mnist__alpha100.0__byz4__seed5] acc=0.6663 loss=0.9814 diverged=False (64.9s)
  [mnist__alpha100.0__byz4__seed6] acc=0.6857 loss=1.0247 diverged=False (65.4s)
  [mnist__alpha100.0__byz4__seed7] acc=0.6942 loss=0.9097 diverged=False (65.6s)
  [mnist__alpha100.0__byz4__seed8] acc=0.6820 loss=1.1945 diverged=False (68.0s)
  [mnist__alpha100.0__byz4__seed9] acc=0.6701 loss=0.9637 diverged=False (64.2s)
  [mnist__alpha0.5__byz0__seed5] acc=0.7411 loss=0.7831 diverged=False (59.8s)
  [mnist__alpha0.5__byz0__seed6] acc=0.6506 loss=1.0387 diverged=False (62.4s)
  [mnist__alpha0.5__byz0__seed7] acc=0.6842 loss=0.9580 diverged=False (60.8s)
  [mnist__alpha0.5__byz0__seed8] acc=0.6705 loss=0.9683 diverged=False (72.6s)
  [mnist__alpha0.5__byz0__seed9] acc=0.4650 loss=2.9067 diverged=False (66.3s)
  [mnist__alpha0.5__byz2__seed5] acc=0.3296 loss=2.1053 diverged=False (70.1s)
  [mnist__alpha0.5__byz2__seed6] acc=0.4575 loss=2.0707 diverged=False (70.1s)
  [mnist__alpha0.5__byz2__seed7] acc=0.5592 loss=2.0315 diverged=False (71.7s)
  [mnist__alpha0.5__byz2__seed8] acc=0.3307 loss=2.0671 diverged=False (69.9s)
  [mnist__alpha0.5__byz2__seed9] acc=0.5891 loss=1.4450 diverged=False (70.7s)
  [mnist__alpha0.5__byz4__seed5] acc=0.1811 loss=2.3053 diverged=False (69.3s)
  [mnist__alpha0.5__byz4__seed6] acc=0.1131 loss=2.3165 diverged=False (67.8s)
  [mnist__alpha0.5__byz4__seed7] acc=0.1135 loss=2.2962 diverged=False (70.5s)
  [mnist__alpha0.5__byz4__seed8] acc=0.0982 loss=2.3332 diverged=False (70.3s)
  [mnist__alpha0.5__byz4__seed9] acc=0.2195 loss=2.2607 diverged=False (67.8s)
  [mnist__alpha0.1__byz0__seed5] acc=0.4653 loss=1.5942 diverged=False (61.6s)
  [mnist__alpha0.1__byz0__seed6] acc=0.6809 loss=0.9425 diverged=False (55.2s)
  [mnist__alpha0.1__byz0__seed7] acc=0.6722 loss=0.9390 diverged=False (50.8s)
  [mnist__alpha0.1__byz0__seed8] acc=0.5016 loss=1.4647 diverged=False (51.2s)
  [mnist__alpha0.1__byz0__seed9] acc=0.5134 loss=2.0118 diverged=False (51.1s)
  [mnist__alpha0.1__byz2__seed5] acc=0.1028 loss=2.3106 diverged=False (53.0s)
  [mnist__alpha0.1__byz2__seed6] acc=0.2107 loss=2.2203 diverged=False (53.1s)
  [mnist__alpha0.1__byz2__seed7] acc=0.0958 loss=2.2656 diverged=False (53.4s)
  [mnist__alpha0.1__byz2__seed8] acc=0.1736 loss=2.2467 diverged=False (53.2s)
  [mnist__alpha0.1__byz2__seed9] acc=0.2857 loss=2.2049 diverged=False (53.9s)
  [mnist__alpha0.1__byz4__seed5] acc=0.0974 loss=2.3268 diverged=False (54.8s)
  [mnist__alpha0.1__byz4__seed6] acc=0.1032 loss=2.3745 diverged=False (54.4s)
  [mnist__alpha0.1__byz4__seed7] acc=0.1140 loss=2.3304 diverged=False (55.7s)
  [mnist__alpha0.1__byz4__seed8] acc=0.2277 loss=2.3762 diverged=False (55.2s)
  [mnist__alpha0.1__byz4__seed9] acc=0.1010 loss=2.3200 diverged=False (55.0s)
Loading CIFAR-10...
  [cifar10__alpha100.0__byz0__seed5] acc=0.1917 loss=2.2177 diverged=False (91.0s)
  [cifar10__alpha100.0__byz0__seed6] acc=0.0988 loss=2.4895 diverged=False (89.1s)
  [cifar10__alpha100.0__byz0__seed7] acc=0.1743 loss=2.2381 diverged=False (90.2s)
  [cifar10__alpha100.0__byz0__seed8] acc=0.2078 loss=2.1789 diverged=False (88.8s)
  [cifar10__alpha100.0__byz0__seed9] acc=0.1510 loss=2.2696 diverged=False (90.6s)
  [cifar10__alpha100.0__byz2__seed5] acc=0.1893 loss=2.2366 diverged=False (91.9s)
  [cifar10__alpha100.0__byz2__seed6] acc=0.1316 loss=2.5043 diverged=False (92.4s)
  [cifar10__alpha100.0__byz2__seed7] acc=0.1760 loss=2.2645 diverged=False (93.2s)
  [cifar10__alpha100.0__byz2__seed8] acc=0.2580 loss=2.0941 diverged=False (93.7s)
  [cifar10__alpha100.0__byz2__seed9] acc=0.1578 loss=2.2151 diverged=False (93.7s)
  [cifar10__alpha100.0__byz4__seed5] acc=0.1776 loss=2.2555 diverged=False (96.8s)
  [cifar10__alpha100.0__byz4__seed6] acc=0.1652 loss=2.1903 diverged=False (95.4s)
  [cifar10__alpha100.0__byz4__seed7] acc=0.1519 loss=2.2798 diverged=False (95.6s)
  [cifar10__alpha100.0__byz4__seed8] acc=0.1837 loss=2.1766 diverged=False (94.3s)
  [cifar10__alpha100.0__byz4__seed9] acc=0.1215 loss=2.2537 diverged=False (96.3s)
  [cifar10__alpha0.5__byz0__seed5] acc=0.1923 loss=2.2266 diverged=False (90.0s)
  [cifar10__alpha0.5__byz0__seed6] acc=0.1012 loss=2.4157 diverged=False (90.0s)
  [cifar10__alpha0.5__byz0__seed7] acc=0.1168 loss=2.2525 diverged=False (96.7s)
  [cifar10__alpha0.5__byz0__seed8] acc=0.1918 loss=2.2007 diverged=False (95.1s)
  [cifar10__alpha0.5__byz0__seed9] acc=0.1194 loss=2.2396 diverged=False (84.5s)
  [cifar10__alpha0.5__byz2__seed5] acc=0.1108 loss=2.3207 diverged=False (88.0s)
  [cifar10__alpha0.5__byz2__seed6] acc=0.1464 loss=2.2951 diverged=False (91.3s)
  [cifar10__alpha0.5__byz2__seed7] acc=0.1010 loss=2.3201 diverged=False (98.0s)
  [cifar10__alpha0.5__byz2__seed8] acc=0.1004 loss=2.3123 diverged=False (93.8s)
  [cifar10__alpha0.5__byz2__seed9] acc=0.1011 loss=2.3064 diverged=False (94.5s)
  [cifar10__alpha0.5__byz4__seed5] acc=0.1000 loss=2.3298 diverged=False (97.5s)
  [cifar10__alpha0.5__byz4__seed6] acc=0.0995 loss=2.3173 diverged=False (95.7s)
  [cifar10__alpha0.5__byz4__seed7] acc=0.1000 loss=2.3325 diverged=False (97.8s)
  [cifar10__alpha0.5__byz4__seed8] acc=0.1000 loss=2.3196 diverged=False (95.1s)
  [cifar10__alpha0.5__byz4__seed9] acc=0.1248 loss=2.3370 diverged=False (96.3s)
  [cifar10__alpha0.1__byz0__seed5] acc=0.1445 loss=2.3102 diverged=False (89.5s)
  [cifar10__alpha0.1__byz0__seed6] acc=0.1746 loss=2.2423 diverged=False (89.6s)
  [cifar10__alpha0.1__byz0__seed7] acc=0.1070 loss=2.2827 diverged=False (87.8s)
  [cifar10__alpha0.1__byz0__seed8] acc=0.1600 loss=2.2269 diverged=False (85.1s)
  [cifar10__alpha0.1__byz0__seed9] acc=0.1520 loss=2.3335 diverged=False (88.4s)
  [cifar10__alpha0.1__byz2__seed5] acc=0.1120 loss=2.3190 diverged=False (91.4s)
  [cifar10__alpha0.1__byz2__seed6] acc=0.1000 loss=2.3269 diverged=False (90.3s)
  [cifar10__alpha0.1__byz2__seed7] acc=0.1000 loss=2.3668 diverged=False (90.3s)
  [cifar10__alpha0.1__byz2__seed8] acc=0.1050 loss=2.3194 diverged=False (90.8s)
  [cifar10__alpha0.1__byz2__seed9] acc=0.1000 loss=2.3214 diverged=False (91.9s)
  [cifar10__alpha0.1__byz4__seed5] acc=0.1000 loss=2.3317 diverged=False (94.8s)
  [cifar10__alpha0.1__byz4__seed6] acc=0.1000 loss=2.3270 diverged=False (94.5s)
  [cifar10__alpha0.1__byz4__seed7] acc=0.1000 loss=2.3208 diverged=False (95.2s)
  [cifar10__alpha0.1__byz4__seed8] acc=0.1000 loss=2.3578 diverged=False (95.2s)
  [cifar10__alpha0.1__byz4__seed9] acc=0.1000 loss=2.3446 diverged=False (94.8s)

Bias-floor sweep done.

======================================================================
=== RUNNING aggregate_bias_floor.py  ===
======================================================================
Wrote C:\Users\HP\Downloads\New folder\New folder\scripts\..\results\bias_floor\aggregate_report.json
Confirmatory family size: 24, Bonferroni alpha: 0.00208
Tests surviving Bonferroni correction: 5/24
[mnist] scaling regression: slope=0.124 r^2=0.100 p=0.6845 (n=4)
[cifar10] scaling regression: slope=-0.190 r^2=0.161 p=0.5983 (n=4)

Bias-floor pipeline complete.
