  [evtfloor__clean__q0.001__seed3] acc=0.1442 diverged=False final_floor=1.0000 (123.1s)
  [evtfloor__clean__q0.001__seed4] acc=0.1820 diverged=False final_floor=1.0000 (135.5s)
  [evtfloor__clean__q0.001__seed5] acc=0.1980 diverged=False final_floor=1.0000 (134.5s)
  [evtfloor__clean__q0.001__seed6] acc=0.1504 diverged=False final_floor=1.0000 (135.8s)
  [evtfloor__clean__q0.001__seed7] acc=0.1531 diverged=False final_floor=1.0000 (135.7s)
  [evtfloor__clean__q0.001__seed8] acc=0.2092 diverged=False final_floor=1.0000 (136.4s)
  [evtfloor__clean__q0.001__seed9] acc=0.1637 diverged=False final_floor=1.0000 (137.7s)
[clean] n=10 baseline=0.1713+-0.0315  evtfloor(q=0.001)=0.1837+-0.0277  wilcoxon p=0.275391
  [baseline__ipm__seed3] acc=0.1179 diverged=False (140.8s)
  [evtfloor__ipm__q0.001__seed3] acc=0.1131 diverged=False final_floor=0.2504 (140.8s)
  [baseline__ipm__seed4] acc=0.1953 diverged=False (141.3s)
  [evtfloor__ipm__q0.001__seed4] acc=0.2013 diverged=False final_floor=0.2567 (141.2s)
  [baseline__ipm__seed5] acc=0.1572 diverged=False (140.3s)
  [evtfloor__ipm__q0.001__seed5] acc=0.1776 diverged=False final_floor=0.1793 (142.9s)
  [baseline__ipm__seed6] acc=0.1717 diverged=False (141.9s)
  [evtfloor__ipm__q0.001__seed6] acc=0.2040 diverged=False final_floor=0.6663 (144.2s)
  [baseline__ipm__seed7] acc=0.1473 diverged=False (142.3s)
  [evtfloor__ipm__q0.001__seed7] acc=0.1386 diverged=False final_floor=0.2446 (142.3s)
  [baseline__ipm__seed8] acc=0.1675 diverged=False (139.5s)
  [evtfloor__ipm__q0.001__seed8] acc=0.2444 diverged=False final_floor=0.4867 (142.1s)
  [baseline__ipm__seed9] acc=0.1739 diverged=False (142.1s)
  [evtfloor__ipm__q0.001__seed9] acc=0.1421 diverged=False final_floor=0.4273 (142.3s)
[ipm] n=10 baseline=0.1626+-0.0226  evtfloor(q=0.001)=0.1762+-0.0359  wilcoxon p=0.375000

EVT-floor scale-up done.
