Loading MNIST...
== MNIST BASE5_repl: CNN, ipm, eps=8, n=10, both baselines ==
  [BASE5/byz_clip_sgd] ipm_eps8_seed0: final_acc=0.0957 diverged=False (112.0s)
  [BASE5/byz_clip_sgd] ipm_eps8_seed1: final_acc=0.1179 diverged=False (123.8s)
  [BASE5/byz_clip_sgd] ipm_eps8_seed2: final_acc=0.1447 diverged=False (106.8s)
  [BASE5/byz_clip_sgd] ipm_eps8_seed3: final_acc=0.0980 diverged=False (109.6s)
  [BASE5/byz_clip_sgd] ipm_eps8_seed4: final_acc=0.1050 diverged=False (105.5s)
  [BASE5/byz_clip_sgd] ipm_eps8_seed5: final_acc=0.1002 diverged=False (101.1s)
  [BASE5/byz_clip_sgd] ipm_eps8_seed6: final_acc=0.0574 diverged=False (100.8s)
  [BASE5/byz_clip_sgd] ipm_eps8_seed7: final_acc=0.0988 diverged=False (102.2s)
  [BASE5/byz_clip_sgd] ipm_eps8_seed8: final_acc=0.1028 diverged=False (100.2s)
  [BASE5/byz_clip_sgd] ipm_eps8_seed9: final_acc=0.1688 diverged=False (99.7s)
  [BASE5/safe_dshb] ipm_eps8_seed0: final_acc=0.1094 diverged=False (101.5s)
  [BASE5/safe_dshb] ipm_eps8_seed1: final_acc=0.0826 diverged=False (99.9s)
  [BASE5/safe_dshb] ipm_eps8_seed2: final_acc=0.0956 diverged=False (109.9s)
  [BASE5/safe_dshb] ipm_eps8_seed3: final_acc=0.0888 diverged=False (114.8s)
  [BASE5/safe_dshb] ipm_eps8_seed4: final_acc=0.1042 diverged=False (104.4s)
  [BASE5/safe_dshb] ipm_eps8_seed5: final_acc=0.1027 diverged=False (99.3s)
  [BASE5/safe_dshb] ipm_eps8_seed6: final_acc=0.0993 diverged=False (98.3s)
  [BASE5/safe_dshb] ipm_eps8_seed7: final_acc=0.1135 diverged=False (101.3s)
  [BASE5/safe_dshb] ipm_eps8_seed8: final_acc=0.1135 diverged=False (119.3s)
  [BASE5/safe_dshb] ipm_eps8_seed9: final_acc=0.0758 diverged=False (97.0s)
== MNIST BASE2_main: CNN, n=10/cell, both baselines ==
  [BASE2/byz_clip_sgd] clean_eps8_seed0: final_acc=0.2025 diverged=False (77.9s)
  [BASE2/byz_clip_sgd] clean_eps8_seed1: final_acc=0.1614 diverged=False (76.8s)
  [BASE2/byz_clip_sgd] clean_eps8_seed2: final_acc=0.1113 diverged=False (77.1s)
  [BASE2/byz_clip_sgd] clean_eps8_seed3: final_acc=0.2678 diverged=False (75.5s)
  [BASE2/byz_clip_sgd] clean_eps8_seed4: final_acc=0.1392 diverged=False (74.8s)
  [BASE2/byz_clip_sgd] clean_eps8_seed5: final_acc=0.1146 diverged=False (76.8s)
  [BASE2/byz_clip_sgd] clean_eps8_seed6: final_acc=0.0785 diverged=False (75.2s)
  [BASE2/byz_clip_sgd] clean_eps8_seed7: final_acc=0.1311 diverged=False (75.0s)
  [BASE2/byz_clip_sgd] clean_eps8_seed8: final_acc=0.1823 diverged=False (75.2s)
  [BASE2/byz_clip_sgd] clean_eps8_seed9: final_acc=0.0983 diverged=False (75.5s)
  [BASE2/byz_clip_sgd] clean_eps18_seed0: final_acc=0.2627 diverged=False (75.0s)
  [BASE2/byz_clip_sgd] clean_eps18_seed1: final_acc=0.2542 diverged=False (75.7s)
  [BASE2/byz_clip_sgd] clean_eps18_seed2: final_acc=0.1388 diverged=False (75.1s)
  [BASE2/byz_clip_sgd] clean_eps18_seed3: final_acc=0.3070 diverged=False (75.8s)
  [BASE2/byz_clip_sgd] clean_eps18_seed4: final_acc=0.2118 diverged=False (75.6s)
  [BASE2/byz_clip_sgd] clean_eps18_seed5: final_acc=0.1765 diverged=False (74.6s)
  [BASE2/byz_clip_sgd] clean_eps18_seed6: final_acc=0.1470 diverged=False (75.7s)
  [BASE2/byz_clip_sgd] clean_eps18_seed7: final_acc=0.1529 diverged=False (75.6s)
  [BASE2/byz_clip_sgd] clean_eps18_seed8: final_acc=0.2147 diverged=False (75.6s)
  [BASE2/byz_clip_sgd] clean_eps18_seed9: final_acc=0.1500 diverged=False (75.2s)
  [BASE2/byz_clip_sgd] ipm_eps8_seed0: final_acc=0.0957 diverged=False (82.0s)
  [BASE2/byz_clip_sgd] ipm_eps8_seed1: final_acc=0.1179 diverged=False (79.6s)
  [BASE2/byz_clip_sgd] ipm_eps8_seed2: final_acc=0.1447 diverged=False (78.9s)
  [BASE2/byz_clip_sgd] ipm_eps8_seed3: final_acc=0.0980 diverged=False (79.1s)
  [BASE2/byz_clip_sgd] ipm_eps8_seed4: final_acc=0.1050 diverged=False (82.8s)
  [BASE2/byz_clip_sgd] ipm_eps8_seed5: final_acc=0.1002 diverged=False (83.2s)
  [BASE2/byz_clip_sgd] ipm_eps8_seed6: final_acc=0.0574 diverged=False (96.2s)
  [BASE2/byz_clip_sgd] ipm_eps8_seed7: final_acc=0.0988 diverged=False (90.2s)
  [BASE2/byz_clip_sgd] ipm_eps8_seed8: final_acc=0.1028 diverged=False (75.5s)
  [BASE2/byz_clip_sgd] ipm_eps8_seed9: final_acc=0.1688 diverged=False (87.2s)
  [BASE2/byz_clip_sgd] ipm_eps18_seed0: final_acc=0.0958 diverged=False (92.2s)
  [BASE2/byz_clip_sgd] ipm_eps18_seed1: final_acc=0.0891 diverged=False (83.3s)
  [BASE2/byz_clip_sgd] ipm_eps18_seed2: final_acc=0.1010 diverged=False (82.6s)
  [BASE2/byz_clip_sgd] ipm_eps18_seed3: final_acc=0.0980 diverged=False (81.0s)
  [BASE2/byz_clip_sgd] ipm_eps18_seed4: final_acc=0.0982 diverged=False (83.1s)
  [BASE2/byz_clip_sgd] ipm_eps18_seed5: final_acc=0.1028 diverged=False (82.3s)
  [BASE2/byz_clip_sgd] ipm_eps18_seed6: final_acc=0.0892 diverged=False (82.2s)
  [BASE2/byz_clip_sgd] ipm_eps18_seed7: final_acc=0.0892 diverged=False (82.5s)
  [BASE2/byz_clip_sgd] ipm_eps18_seed8: final_acc=0.0982 diverged=False (81.2s)
  [BASE2/byz_clip_sgd] ipm_eps18_seed9: final_acc=0.1032 diverged=False (83.5s)
  [BASE2/byz_clip_sgd] label_flip_eps8_seed0: final_acc=0.1163 diverged=False (89.8s)
  [BASE2/byz_clip_sgd] label_flip_eps8_seed1: final_acc=0.0925 diverged=False (87.4s)
  [BASE2/byz_clip_sgd] label_flip_eps8_seed2: final_acc=0.1067 diverged=False (87.5s)
  [BASE2/byz_clip_sgd] label_flip_eps8_seed3: final_acc=0.0802 diverged=False (87.5s)
  [BASE2/byz_clip_sgd] label_flip_eps8_seed4: final_acc=0.1144 diverged=False (87.6s)
  [BASE2/byz_clip_sgd] label_flip_eps8_seed5: final_acc=0.1058 diverged=False (88.1s)
  [BASE2/byz_clip_sgd] label_flip_eps8_seed6: final_acc=0.0731 diverged=False (87.1s)
  [BASE2/byz_clip_sgd] label_flip_eps8_seed7: final_acc=0.1243 diverged=False (86.9s)
  [BASE2/byz_clip_sgd] label_flip_eps8_seed8: final_acc=0.1268 diverged=False (86.9s)
  [BASE2/byz_clip_sgd] label_flip_eps8_seed9: final_acc=0.0965 diverged=False (91.3s)
  [BASE2/byz_clip_sgd] label_flip_eps18_seed0: final_acc=0.1611 diverged=False (88.8s)
  [BASE2/byz_clip_sgd] label_flip_eps18_seed1: final_acc=0.1235 diverged=False (86.4s)
  [BASE2/byz_clip_sgd] label_flip_eps18_seed2: final_acc=0.1283 diverged=False (87.5s)
  [BASE2/byz_clip_sgd] label_flip_eps18_seed3: final_acc=0.0925 diverged=False (86.5s)
  [BASE2/byz_clip_sgd] label_flip_eps18_seed4: final_acc=0.1476 diverged=False (86.4s)
  [BASE2/byz_clip_sgd] label_flip_eps18_seed5: final_acc=0.2101 diverged=False (86.6s)
  [BASE2/byz_clip_sgd] label_flip_eps18_seed6: final_acc=0.2082 diverged=False (88.1s)
  [BASE2/byz_clip_sgd] label_flip_eps18_seed7: final_acc=0.1540 diverged=False (89.2s)
  [BASE2/byz_clip_sgd] label_flip_eps18_seed8: final_acc=0.1669 diverged=False (92.7s)
  [BASE2/byz_clip_sgd] label_flip_eps18_seed9: final_acc=0.1458 diverged=False (88.7s)
  [BASE2/safe_dshb] clean_eps8_seed0: final_acc=0.2067 diverged=False (80.3s)
  [BASE2/safe_dshb] clean_eps8_seed1: final_acc=0.1864 diverged=False (80.1s)
  [BASE2/safe_dshb] clean_eps8_seed2: final_acc=0.0818 diverged=False (80.1s)
  [BASE2/safe_dshb] clean_eps8_seed3: final_acc=0.2166 diverged=False (79.4s)
  [BASE2/safe_dshb] clean_eps8_seed4: final_acc=0.1556 diverged=False (79.0s)
  [BASE2/safe_dshb] clean_eps8_seed5: final_acc=0.1545 diverged=False (78.6s)
  [BASE2/safe_dshb] clean_eps8_seed6: final_acc=0.1519 diverged=False (78.9s)
  [BASE2/safe_dshb] clean_eps8_seed7: final_acc=0.1235 diverged=False (79.8s)
  [BASE2/safe_dshb] clean_eps8_seed8: final_acc=0.1644 diverged=False (79.7s)
  [BASE2/safe_dshb] clean_eps8_seed9: final_acc=0.1057 diverged=False (79.6s)
  [BASE2/safe_dshb] clean_eps18_seed0: final_acc=0.2963 diverged=False (78.7s)
  [BASE2/safe_dshb] clean_eps18_seed1: final_acc=0.2245 diverged=False (79.9s)
  [BASE2/safe_dshb] clean_eps18_seed2: final_acc=0.1233 diverged=False (76.3s)
  [BASE2/safe_dshb] clean_eps18_seed3: final_acc=0.2781 diverged=False (74.2s)
  [BASE2/safe_dshb] clean_eps18_seed4: final_acc=0.2955 diverged=False (74.2s)
  [BASE2/safe_dshb] clean_eps18_seed5: final_acc=0.2054 diverged=False (74.4s)
  [BASE2/safe_dshb] clean_eps18_seed6: final_acc=0.1212 diverged=False (73.6s)
  [BASE2/safe_dshb] clean_eps18_seed7: final_acc=0.1445 diverged=False (73.7s)
  [BASE2/safe_dshb] clean_eps18_seed8: final_acc=0.2665 diverged=False (73.8s)
  [BASE2/safe_dshb] clean_eps18_seed9: final_acc=0.1793 diverged=False (74.6s)
  [BASE2/safe_dshb] ipm_eps8_seed0: final_acc=0.1094 diverged=False (76.6s)
  [BASE2/safe_dshb] ipm_eps8_seed1: final_acc=0.0826 diverged=False (77.3s)
  [BASE2/safe_dshb] ipm_eps8_seed2: final_acc=0.0956 diverged=False (77.2s)
  [BASE2/safe_dshb] ipm_eps8_seed3: final_acc=0.0888 diverged=False (77.2s)
  [BASE2/safe_dshb] ipm_eps8_seed4: final_acc=0.1042 diverged=False (76.8s)
  [BASE2/safe_dshb] ipm_eps8_seed5: final_acc=0.1027 diverged=False (78.0s)
  [BASE2/safe_dshb] ipm_eps8_seed6: final_acc=0.0993 diverged=False (76.7s)
  [BASE2/safe_dshb] ipm_eps8_seed7: final_acc=0.1135 diverged=False (77.9s)
  [BASE2/safe_dshb] ipm_eps8_seed8: final_acc=0.1135 diverged=False (76.1s)
  [BASE2/safe_dshb] ipm_eps8_seed9: final_acc=0.0758 diverged=False (77.7s)
  [BASE2/safe_dshb] ipm_eps18_seed0: final_acc=0.0929 diverged=False (79.1s)
  [BASE2/safe_dshb] ipm_eps18_seed1: final_acc=0.0990 diverged=False (76.5s)
  [BASE2/safe_dshb] ipm_eps18_seed2: final_acc=0.0974 diverged=False (76.9s)
  [BASE2/safe_dshb] ipm_eps18_seed3: final_acc=0.0982 diverged=False (76.8s)
  [BASE2/safe_dshb] ipm_eps18_seed4: final_acc=0.0974 diverged=False (78.9s)
  [BASE2/safe_dshb] ipm_eps18_seed5: final_acc=0.1028 diverged=False (79.7s)
  [BASE2/safe_dshb] ipm_eps18_seed6: final_acc=0.1032 diverged=False (76.1s)
  [BASE2/safe_dshb] ipm_eps18_seed7: final_acc=0.1135 diverged=False (76.9s)
  [BASE2/safe_dshb] ipm_eps18_seed8: final_acc=0.0671 diverged=False (76.9s)
  [BASE2/safe_dshb] ipm_eps18_seed9: final_acc=0.0835 diverged=False (77.5s)
  [BASE2/safe_dshb] label_flip_eps8_seed0: final_acc=0.1339 diverged=False (82.5s)
  [BASE2/safe_dshb] label_flip_eps8_seed1: final_acc=0.1108 diverged=False (83.5s)
  [BASE2/safe_dshb] label_flip_eps8_seed2: final_acc=0.1375 diverged=False (84.4s)
  [BASE2/safe_dshb] label_flip_eps8_seed3: final_acc=0.0989 diverged=False (83.7s)
  [BASE2/safe_dshb] label_flip_eps8_seed4: final_acc=0.0968 diverged=False (83.7s)
  [BASE2/safe_dshb] label_flip_eps8_seed5: final_acc=0.0844 diverged=False (83.8s)
  [BASE2/safe_dshb] label_flip_eps8_seed6: final_acc=0.0520 diverged=False (83.0s)
  [BASE2/safe_dshb] label_flip_eps8_seed7: final_acc=0.1012 diverged=False (82.9s)
  [BASE2/safe_dshb] label_flip_eps8_seed8: final_acc=0.1192 diverged=False (83.1s)
  [BASE2/safe_dshb] label_flip_eps8_seed9: final_acc=0.1001 diverged=False (83.1s)
  [BASE2/safe_dshb] label_flip_eps18_seed0: final_acc=0.2377 diverged=False (83.8s)
  [BASE2/safe_dshb] label_flip_eps18_seed1: final_acc=0.1381 diverged=False (83.0s)
  [BASE2/safe_dshb] label_flip_eps18_seed2: final_acc=0.1842 diverged=False (85.7s)
  [BASE2/safe_dshb] label_flip_eps18_seed3: final_acc=0.0809 diverged=False (83.1s)
  [BASE2/safe_dshb] label_flip_eps18_seed4: final_acc=0.1006 diverged=False (83.1s)
  [BASE2/safe_dshb] label_flip_eps18_seed5: final_acc=0.1806 diverged=False (81.9s)
  [BASE2/safe_dshb] label_flip_eps18_seed6: final_acc=0.1419 diverged=False (83.9s)
  [BASE2/safe_dshb] label_flip_eps18_seed7: final_acc=0.1860 diverged=False (87.3s)
  [BASE2/safe_dshb] label_flip_eps18_seed8: final_acc=0.2706 diverged=False (82.9s)
  [BASE2/safe_dshb] label_flip_eps18_seed9: final_acc=0.1715 diverged=False (82.3s)
== MNIST BASE3_mlp: MLP, n=5, both baselines ==
  [BASE3/byz_clip_sgd] clean_eps8_seed0: final_acc=0.1471 diverged=False (53.4s)
  [BASE3/byz_clip_sgd] clean_eps8_seed1: final_acc=0.1954 diverged=False (53.3s)
  [BASE3/byz_clip_sgd] clean_eps8_seed2: final_acc=0.1908 diverged=False (53.5s)
  [BASE3/byz_clip_sgd] clean_eps8_seed3: final_acc=0.1235 diverged=False (53.3s)
  [BASE3/byz_clip_sgd] clean_eps8_seed4: final_acc=0.1372 diverged=False (53.1s)
  [BASE3/byz_clip_sgd] ipm_eps8_seed0: final_acc=0.0846 diverged=False (57.0s)
Loading MNIST...
== MNIST BASE5_repl: CNN, ipm, eps=8, n=10, both baselines ==
== MNIST BASE2_main: CNN, n=10/cell, both baselines ==
== MNIST BASE3_mlp: MLP, n=5, both baselines ==
  [BASE3/byz_clip_sgd] ipm_eps8_seed1: final_acc=0.0926 diverged=False (46.0s)
  [BASE3/byz_clip_sgd] ipm_eps8_seed2: final_acc=0.1298 diverged=False (54.1s)
  [BASE3/byz_clip_sgd] ipm_eps8_seed3: final_acc=0.1130 diverged=False (63.0s)
  [BASE3/byz_clip_sgd] ipm_eps8_seed4: final_acc=0.1146 diverged=False (54.7s)
  [BASE3/safe_dshb] clean_eps8_seed0: final_acc=0.1546 diverged=False (53.8s)
  [BASE3/safe_dshb] clean_eps8_seed1: final_acc=0.1710 diverged=False (53.6s)
  [BASE3/safe_dshb] clean_eps8_seed2: final_acc=0.1910 diverged=False (51.4s)
  [BASE3/safe_dshb] clean_eps8_seed3: final_acc=0.1199 diverged=False (51.7s)
  [BASE3/safe_dshb] clean_eps8_seed4: final_acc=0.1591 diverged=False (52.8s)
  [BASE3/safe_dshb] ipm_eps8_seed0: final_acc=0.1258 diverged=False (54.4s)
  [BASE3/safe_dshb] ipm_eps8_seed1: final_acc=0.0981 diverged=False (54.5s)
  [BASE3/safe_dshb] ipm_eps8_seed2: final_acc=0.1150 diverged=False (54.2s)
  [BASE3/safe_dshb] ipm_eps8_seed3: final_acc=0.0844 diverged=False (53.3s)
  [BASE3/safe_dshb] ipm_eps8_seed4: final_acc=0.0818 diverged=False (54.8s)
Loading CIFAR-10...
== CIFAR CBASE3_repl: ipm, eps=8, n=10, both baselines ==
  [CBASE3/byz_clip_sgd] ipm_eps8_seed0: final_acc=0.0998 diverged=False (130.1s)
  [CBASE3/byz_clip_sgd] ipm_eps8_seed1: final_acc=0.0997 diverged=False (127.7s)
  [CBASE3/byz_clip_sgd] ipm_eps8_seed2: final_acc=0.1022 diverged=False (133.6s)
  [CBASE3/byz_clip_sgd] ipm_eps8_seed3: final_acc=0.1146 diverged=False (127.2s)
  [CBASE3/byz_clip_sgd] ipm_eps8_seed4: final_acc=0.1000 diverged=False (127.6s)
  [CBASE3/byz_clip_sgd] ipm_eps8_seed5: final_acc=0.0954 diverged=False (130.2s)
  [CBASE3/byz_clip_sgd] ipm_eps8_seed6: final_acc=0.0992 diverged=False (136.2s)
  [CBASE3/byz_clip_sgd] ipm_eps8_seed7: final_acc=0.0988 diverged=False (131.0s)
  [CBASE3/byz_clip_sgd] ipm_eps8_seed8: final_acc=0.1042 diverged=False (129.2s)
  [CBASE3/byz_clip_sgd] ipm_eps8_seed9: final_acc=0.0998 diverged=False (126.5s)
  [CBASE3/safe_dshb] ipm_eps8_seed0: final_acc=0.1000 diverged=False (129.5s)
  [CBASE3/safe_dshb] ipm_eps8_seed1: final_acc=0.1000 diverged=False (125.7s)
  [CBASE3/safe_dshb] ipm_eps8_seed2: final_acc=0.1083 diverged=False (129.6s)
  [CBASE3/safe_dshb] ipm_eps8_seed3: final_acc=0.1001 diverged=False (125.4s)
  [CBASE3/safe_dshb] ipm_eps8_seed4: final_acc=0.1001 diverged=False (127.7s)
  [CBASE3/safe_dshb] ipm_eps8_seed5: final_acc=0.0958 diverged=False (125.9s)
  [CBASE3/safe_dshb] ipm_eps8_seed6: final_acc=0.1025 diverged=False (126.5s)
  [CBASE3/safe_dshb] ipm_eps8_seed7: final_acc=0.0992 diverged=False (124.8s)
  [CBASE3/safe_dshb] ipm_eps8_seed8: final_acc=0.1000 diverged=False (124.4s)
  [CBASE3/safe_dshb] ipm_eps8_seed9: final_acc=0.1036 diverged=False (129.9s)
== CIFAR CBASE1_main: n=10/cell, both baselines ==
  [CBASE1/byz_clip_sgd] clean_eps8_seed0: final_acc=0.0987 diverged=False (121.5s)
  [CBASE1/byz_clip_sgd] clean_eps8_seed1: final_acc=0.1121 diverged=False (142.8s)
  [CBASE1/byz_clip_sgd] clean_eps8_seed2: final_acc=0.0946 diverged=False (134.3s)
  [CBASE1/byz_clip_sgd] clean_eps8_seed3: final_acc=0.0919 diverged=False (134.3s)
  [CBASE1/byz_clip_sgd] clean_eps8_seed4: final_acc=0.1249 diverged=False (136.4s)
  [CBASE1/byz_clip_sgd] clean_eps8_seed5: final_acc=0.1005 diverged=False (135.6s)
  [CBASE1/byz_clip_sgd] clean_eps8_seed6: final_acc=0.1007 diverged=False (135.6s)
  [CBASE1/byz_clip_sgd] clean_eps8_seed7: final_acc=0.0847 diverged=False (133.0s)
  [CBASE1/byz_clip_sgd] clean_eps8_seed8: final_acc=0.0969 diverged=False (135.4s)
  [CBASE1/byz_clip_sgd] clean_eps8_seed9: final_acc=0.0937 diverged=False (133.1s)
  [CBASE1/byz_clip_sgd] clean_eps18_seed0: final_acc=0.1097 diverged=False (132.5s)
  [CBASE1/byz_clip_sgd] clean_eps18_seed1: final_acc=0.1064 diverged=False (131.0s)
  [CBASE1/byz_clip_sgd] clean_eps18_seed2: final_acc=0.0960 diverged=False (131.9s)
  [CBASE1/byz_clip_sgd] clean_eps18_seed3: final_acc=0.0860 diverged=False (132.1s)
  [CBASE1/byz_clip_sgd] clean_eps18_seed4: final_acc=0.1179 diverged=False (133.3s)
  [CBASE1/byz_clip_sgd] clean_eps18_seed5: final_acc=0.1138 diverged=False (132.2s)
  [CBASE1/byz_clip_sgd] clean_eps18_seed6: final_acc=0.1208 diverged=False (132.8s)
  [CBASE1/byz_clip_sgd] clean_eps18_seed7: final_acc=0.0837 diverged=False (132.8s)
  [CBASE1/byz_clip_sgd] clean_eps18_seed8: final_acc=0.1168 diverged=False (133.1s)
  [CBASE1/byz_clip_sgd] clean_eps18_seed9: final_acc=0.1069 diverged=False (131.9s)
  [CBASE1/byz_clip_sgd] ipm_eps8_seed0: final_acc=0.0998 diverged=False (139.4s)
  [CBASE1/byz_clip_sgd] ipm_eps8_seed1: final_acc=0.0997 diverged=False (139.3s)
  [CBASE1/byz_clip_sgd] ipm_eps8_seed2: final_acc=0.1022 diverged=False (138.4s)
  [CBASE1/byz_clip_sgd] ipm_eps8_seed3: final_acc=0.1146 diverged=False (140.3s)
  [CBASE1/byz_clip_sgd] ipm_eps8_seed4: final_acc=0.1000 diverged=False (141.1s)
  [CBASE1/byz_clip_sgd] ipm_eps8_seed5: final_acc=0.0954 diverged=False (142.6s)
  [CBASE1/byz_clip_sgd] ipm_eps8_seed6: final_acc=0.0992 diverged=False (141.2s)
  [CBASE1/byz_clip_sgd] ipm_eps8_seed7: final_acc=0.0988 diverged=False (141.3s)
  [CBASE1/byz_clip_sgd] ipm_eps8_seed8: final_acc=0.1042 diverged=False (143.3s)
  [CBASE1/byz_clip_sgd] ipm_eps8_seed9: final_acc=0.0998 diverged=False (141.2s)
  [CBASE1/byz_clip_sgd] ipm_eps18_seed0: final_acc=0.1000 diverged=False (139.2s)
  [CBASE1/byz_clip_sgd] ipm_eps18_seed1: final_acc=0.1000 diverged=False (137.0s)
  [CBASE1/byz_clip_sgd] ipm_eps18_seed2: final_acc=0.0871 diverged=False (137.5s)
  [CBASE1/byz_clip_sgd] ipm_eps18_seed3: final_acc=0.1000 diverged=False (137.2s)
  [CBASE1/byz_clip_sgd] ipm_eps18_seed4: final_acc=0.1000 diverged=False (142.4s)
  [CBASE1/byz_clip_sgd] ipm_eps18_seed5: final_acc=0.1000 diverged=False (137.6s)
  [CBASE1/byz_clip_sgd] ipm_eps18_seed6: final_acc=0.1000 diverged=False (137.4s)
  [CBASE1/byz_clip_sgd] ipm_eps18_seed7: final_acc=0.0872 diverged=False (136.0s)
  [CBASE1/byz_clip_sgd] ipm_eps18_seed8: final_acc=0.1002 diverged=False (137.6s)
  [CBASE1/byz_clip_sgd] ipm_eps18_seed9: final_acc=0.1000 diverged=False (141.2s)
  [CBASE1/byz_clip_sgd] label_flip_eps8_seed0: final_acc=0.1070 diverged=False (535.1s)
  [CBASE1/byz_clip_sgd] label_flip_eps8_seed1: final_acc=0.1052 diverged=False (11623.9s)
  [CBASE1/byz_clip_sgd] label_flip_eps8_seed2: final_acc=0.0896 diverged=False (151.1s)
  [CBASE1/byz_clip_sgd] label_flip_eps8_seed3: final_acc=0.0888 diverged=False (154.0s)
  [CBASE1/byz_clip_sgd] label_flip_eps8_seed4: final_acc=0.0952 diverged=False (151.7s)
  [CBASE1/byz_clip_sgd] label_flip_eps8_seed5: final_acc=0.1080 diverged=False (152.7s)
  [CBASE1/byz_clip_sgd] label_flip_eps8_seed6: final_acc=0.1225 diverged=False (152.5s)
  [CBASE1/byz_clip_sgd] label_flip_eps8_seed7: final_acc=0.0990 diverged=False (164.1s)
  [CBASE1/byz_clip_sgd] label_flip_eps8_seed8: final_acc=0.0995 diverged=False (150.2s)
  [CBASE1/byz_clip_sgd] label_flip_eps8_seed9: final_acc=0.1230 diverged=False (151.5s)
  [CBASE1/byz_clip_sgd] label_flip_eps18_seed0: final_acc=0.1026 diverged=False (146.7s)
  [CBASE1/byz_clip_sgd] label_flip_eps18_seed1: final_acc=0.1331 diverged=False (147.4s)
  [CBASE1/byz_clip_sgd] label_flip_eps18_seed2: final_acc=0.0996 diverged=False (147.2s)
  [CBASE1/byz_clip_sgd] label_flip_eps18_seed3: final_acc=0.1077 diverged=False (152.4s)
  [CBASE1/byz_clip_sgd] label_flip_eps18_seed4: final_acc=0.0950 diverged=False (148.1s)
  [CBASE1/byz_clip_sgd] label_flip_eps18_seed5: final_acc=0.0843 diverged=False (148.7s)
  [CBASE1/byz_clip_sgd] label_flip_eps18_seed6: final_acc=0.1365 diverged=False (147.6s)
  [CBASE1/byz_clip_sgd] label_flip_eps18_seed7: final_acc=0.1027 diverged=False (147.1s)
  [CBASE1/byz_clip_sgd] label_flip_eps18_seed8: final_acc=0.0890 diverged=False (147.8s)
  [CBASE1/byz_clip_sgd] label_flip_eps18_seed9: final_acc=0.1216 diverged=False (146.9s)
  [CBASE1/safe_dshb] clean_eps8_seed0: final_acc=0.0987 diverged=False (134.8s)
  [CBASE1/safe_dshb] clean_eps8_seed1: final_acc=0.0927 diverged=False (136.4s)
  [CBASE1/safe_dshb] clean_eps8_seed2: final_acc=0.0987 diverged=False (135.0s)
  [CBASE1/safe_dshb] clean_eps8_seed3: final_acc=0.0928 diverged=False (133.9s)
  [CBASE1/safe_dshb] clean_eps8_seed4: final_acc=0.1178 diverged=False (135.3s)
  [CBASE1/safe_dshb] clean_eps8_seed5: final_acc=0.1087 diverged=False (137.1s)
  [CBASE1/safe_dshb] clean_eps8_seed6: final_acc=0.0948 diverged=False (141.2s)
  [CBASE1/safe_dshb] clean_eps8_seed7: final_acc=0.0924 diverged=False (138.6s)
  [CBASE1/safe_dshb] clean_eps8_seed8: final_acc=0.1064 diverged=False (138.3s)
  [CBASE1/safe_dshb] clean_eps8_seed9: final_acc=0.1010 diverged=False (252.1s)
  [CBASE1/safe_dshb] clean_eps18_seed0: final_acc=0.1126 diverged=False (276.7s)
  [CBASE1/safe_dshb] clean_eps18_seed1: final_acc=0.1096 diverged=False (271.6s)
  [CBASE1/safe_dshb] clean_eps18_seed2: final_acc=0.1068 diverged=False (281.0s)
  [CBASE1/safe_dshb] clean_eps18_seed3: final_acc=0.0999 diverged=False (292.8s)
  [CBASE1/safe_dshb] clean_eps18_seed4: final_acc=0.1159 diverged=False (300.5s)
  [CBASE1/safe_dshb] clean_eps18_seed5: final_acc=0.1203 diverged=False (265.2s)
  [CBASE1/safe_dshb] clean_eps18_seed6: final_acc=0.1276 diverged=False (206.4s)
  [CBASE1/safe_dshb] clean_eps18_seed7: final_acc=0.0892 diverged=False (8043.1s)
  [CBASE1/safe_dshb] clean_eps18_seed8: final_acc=0.1158 diverged=False (232.7s)
  [CBASE1/safe_dshb] clean_eps18_seed9: final_acc=0.1096 diverged=False (235.0s)
  [CBASE1/safe_dshb] ipm_eps8_seed0: final_acc=0.1000 diverged=False (244.1s)
  [CBASE1/safe_dshb] ipm_eps8_seed1: final_acc=0.1000 diverged=False (240.4s)
  [CBASE1/safe_dshb] ipm_eps8_seed2: final_acc=0.1083 diverged=False (237.5s)
  [CBASE1/safe_dshb] ipm_eps8_seed3: final_acc=0.1001 diverged=False (239.3s)
  [CBASE1/safe_dshb] ipm_eps8_seed4: final_acc=0.1001 diverged=False (232.2s)
  [CBASE1/safe_dshb] ipm_eps8_seed5: final_acc=0.0958 diverged=False (236.9s)
  [CBASE1/safe_dshb] ipm_eps8_seed6: final_acc=0.1025 diverged=False (241.6s)
  [CBASE1/safe_dshb] ipm_eps8_seed7: final_acc=0.0992 diverged=False (244.1s)
  [CBASE1/safe_dshb] ipm_eps8_seed8: final_acc=0.1000 diverged=False (166.9s)
  [CBASE1/safe_dshb] ipm_eps8_seed9: final_acc=0.1036 diverged=False (172.6s)
  [CBASE1/safe_dshb] ipm_eps18_seed0: final_acc=0.1027 diverged=False (156.0s)
  [CBASE1/safe_dshb] ipm_eps18_seed1: final_acc=0.1001 diverged=False (157.1s)
Loading MNIST...
== MNIST BASE5_repl: CNN, ipm, eps=8, n=10, both baselines ==
== MNIST BASE2_main: CNN, n=10/cell, both baselines ==
== MNIST BASE3_mlp: MLP, n=5, both baselines ==
Loading CIFAR-10...
== CIFAR CBASE3_repl: ipm, eps=8, n=10, both baselines ==
== CIFAR CBASE1_main: n=10/cell, both baselines ==
  [CBASE1/safe_dshb] ipm_eps18_seed2: final_acc=0.0986 diverged=False (219.9s)
  [CBASE1/safe_dshb] ipm_eps18_seed3: final_acc=0.1000 diverged=False (215.0s)
  [CBASE1/safe_dshb] ipm_eps18_seed4: final_acc=0.1024 diverged=False (239.9s)
  [CBASE1/safe_dshb] ipm_eps18_seed5: final_acc=0.0963 diverged=False (249.6s)
  [CBASE1/safe_dshb] ipm_eps18_seed6: final_acc=0.1016 diverged=False (234.2s)
  [CBASE1/safe_dshb] ipm_eps18_seed7: final_acc=0.0988 diverged=False (252.7s)
  [CBASE1/safe_dshb] ipm_eps18_seed8: final_acc=0.1001 diverged=False (259.6s)
  [CBASE1/safe_dshb] ipm_eps18_seed9: final_acc=0.1002 diverged=False (233.3s)
  [CBASE1/safe_dshb] label_flip_eps8_seed0: final_acc=0.1020 diverged=False (264.0s)
  [CBASE1/safe_dshb] label_flip_eps8_seed1: final_acc=0.1174 diverged=False (256.2s)
  [CBASE1/safe_dshb] label_flip_eps8_seed2: final_acc=0.0729 diverged=False (802.9s)
  [CBASE1/safe_dshb] label_flip_eps8_seed3: final_acc=0.0949 diverged=False (158.0s)
  [CBASE1/safe_dshb] label_flip_eps8_seed4: final_acc=0.0894 diverged=False (177.6s)
  [CBASE1/safe_dshb] label_flip_eps8_seed5: final_acc=0.1096 diverged=False (176.4s)
  [CBASE1/safe_dshb] label_flip_eps8_seed6: final_acc=0.1040 diverged=False (159.6s)
  [CBASE1/safe_dshb] label_flip_eps8_seed7: final_acc=0.1042 diverged=False (163.1s)
  [CBASE1/safe_dshb] label_flip_eps8_seed8: final_acc=0.0876 diverged=False (162.3s)
  [CBASE1/safe_dshb] label_flip_eps8_seed9: final_acc=0.0759 diverged=False (160.5s)
  [CBASE1/safe_dshb] label_flip_eps18_seed0: final_acc=0.0969 diverged=False (177.7s)
  [CBASE1/safe_dshb] label_flip_eps18_seed1: final_acc=0.1192 diverged=False (177.3s)
  [CBASE1/safe_dshb] label_flip_eps18_seed2: final_acc=0.0956 diverged=False (27029.5s)
  [CBASE1/safe_dshb] label_flip_eps18_seed3: final_acc=0.0950 diverged=False (166.5s)
  [CBASE1/safe_dshb] label_flip_eps18_seed4: final_acc=0.1340 diverged=False (173.4s)
  [CBASE1/safe_dshb] label_flip_eps18_seed5: final_acc=0.1221 diverged=False (168.7s)
  [CBASE1/safe_dshb] label_flip_eps18_seed6: final_acc=0.1268 diverged=False (167.4s)
  [CBASE1/safe_dshb] label_flip_eps18_seed7: final_acc=0.1210 diverged=False (152.8s)
  [CBASE1/safe_dshb] label_flip_eps18_seed8: final_acc=0.0840 diverged=False (171.2s)
  [CBASE1/safe_dshb] label_flip_eps18_seed9: final_acc=0.0980 diverged=False (187.0s)
== CIFAR CBASE2_dir: n=5, both baselines ==
  [CBASE2/byz_clip_sgd] clean_eps8_seed0: final_acc=0.1014 diverged=False (156.0s)
  [CBASE2/byz_clip_sgd] clean_eps8_seed1: final_acc=0.0990 diverged=False (152.5s)
  [CBASE2/byz_clip_sgd] clean_eps8_seed2: final_acc=0.0931 diverged=False (172.3s)
  [CBASE2/byz_clip_sgd] clean_eps8_seed3: final_acc=0.0898 diverged=False (181.2s)
  [CBASE2/byz_clip_sgd] clean_eps8_seed4: final_acc=0.1176 diverged=False (184.2s)
  [CBASE2/byz_clip_sgd] ipm_eps8_seed0: final_acc=0.0999 diverged=False (176.5s)
  [CBASE2/byz_clip_sgd] ipm_eps8_seed1: final_acc=0.0997 diverged=False (183.7s)
  [CBASE2/byz_clip_sgd] ipm_eps8_seed2: final_acc=0.1012 diverged=False (172.0s)
  [CBASE2/byz_clip_sgd] ipm_eps8_seed3: final_acc=0.1119 diverged=False (170.7s)
  [CBASE2/byz_clip_sgd] ipm_eps8_seed4: final_acc=0.1000 diverged=False (160.9s)
  [CBASE2/safe_dshb] clean_eps8_seed0: final_acc=0.0949 diverged=False (147.2s)
  [CBASE2/safe_dshb] clean_eps8_seed1: final_acc=0.0990 diverged=False (146.7s)
  [CBASE2/safe_dshb] clean_eps8_seed2: final_acc=0.0971 diverged=False (147.2s)
  [CBASE2/safe_dshb] clean_eps8_seed3: final_acc=0.0963 diverged=False (144.6s)
  [CBASE2/safe_dshb] clean_eps8_seed4: final_acc=0.1129 diverged=False (154.3s)
  [CBASE2/safe_dshb] ipm_eps8_seed0: final_acc=0.1000 diverged=False (151.7s)
  [CBASE2/safe_dshb] ipm_eps8_seed1: final_acc=0.1001 diverged=False (150.7s)
  [CBASE2/safe_dshb] ipm_eps8_seed2: final_acc=0.1043 diverged=False (148.5s)
  [CBASE2/safe_dshb] ipm_eps8_seed3: final_acc=0.1002 diverged=False (149.1s)
  [CBASE2/safe_dshb] ipm_eps8_seed4: final_acc=0.0992 diverged=False (147.9s)

All external-baseline stages done in 10.04 hours.
