  [baseline__clean__seed0] acc=0.6849 diverged=False (105.0s)
  [tailadaptive__clean__seed0] acc=0.6849 diverged=False final_tau=8.4807 final_alpha=8.66025164489952 (111.1s)
  [baseline__clean__seed1] acc=0.6260 diverged=False (115.9s)
  [tailadaptive__clean__seed1] acc=0.6260 diverged=False final_tau=6.7243 final_alpha=8.589336013070374 (109.6s)
  [baseline__clean__seed2] acc=0.6712 diverged=False (113.4s)
  [tailadaptive__clean__seed2] acc=0.6712 diverged=False final_tau=10.4249 final_alpha=10.238199473477192 (106.8s)
  [baseline__clean__seed3] acc=0.6749 diverged=False (111.2s)
  [tailadaptive__clean__seed3] acc=0.6749 diverged=False final_tau=6.1910 final_alpha=11.067293782237728 (111.4s)
  [baseline__clean__seed4] acc=0.6442 diverged=False (110.1s)
  [tailadaptive__clean__seed4] acc=0.6445 diverged=False final_tau=49.4962 final_alpha=4.471133959163378 (108.6s)
  [baseline__clean__seed5] acc=0.5789 diverged=False (114.1s)
  [tailadaptive__clean__seed5] acc=0.5789 diverged=False final_tau=15.0434 final_alpha=6.706201391676754 (108.1s)
  [baseline__clean__seed6] acc=0.5737 diverged=False (118.7s)
  [tailadaptive__clean__seed6] acc=0.5737 diverged=False final_tau=14.7594 final_alpha=9.704375129858148 (114.2s)
  [baseline__clean__seed7] acc=0.7196 diverged=False (115.5s)
  [tailadaptive__clean__seed7] acc=0.7196 diverged=False final_tau=18.7582 final_alpha=10.131312019013984 (110.0s)
  [baseline__clean__seed8] acc=0.6061 diverged=False (112.9s)
  [tailadaptive__clean__seed8] acc=0.6061 diverged=False final_tau=8.9799 final_alpha=8.557688099823201 (109.0s)
  [baseline__clean__seed9] acc=0.7559 diverged=False (116.6s)
  [tailadaptive__clean__seed9] acc=0.7559 diverged=False final_tau=27.3814 final_alpha=6.333469900823643 (109.4s)
[clean] n=10 baseline=0.6535+-0.0562  tailadaptive=0.6536+-0.0562  wilcoxon p=1.000000
  [baseline__ipm__seed0] acc=0.6859 diverged=False (117.1s)
  [tailadaptive__ipm__seed0] acc=0.6859 diverged=False final_tau=6.8396 final_alpha=2.999562246743438 (113.1s)
  [baseline__ipm__seed1] acc=0.6293 diverged=False (114.3s)
  [tailadaptive__ipm__seed1] acc=0.6293 diverged=False final_tau=5.5367 final_alpha=3.213365610162739 (116.3s)
  [baseline__ipm__seed2] acc=0.6649 diverged=False (114.0s)
  [tailadaptive__ipm__seed2] acc=0.6649 diverged=False final_tau=8.4217 final_alpha=3.602974528155253 (115.1s)
  [baseline__ipm__seed3] acc=0.6607 diverged=False (118.0s)
  [tailadaptive__ipm__seed3] acc=0.6607 diverged=False final_tau=5.6640 final_alpha=2.9163500810057363 (115.3s)
  [baseline__ipm__seed4] acc=0.6633 diverged=False (119.4s)
  [tailadaptive__ipm__seed4] acc=0.6649 diverged=False final_tau=33.0283 final_alpha=2.6499310490756933 (116.9s)
  [baseline__ipm__seed5] acc=0.5755 diverged=False (115.9s)
  [tailadaptive__ipm__seed5] acc=0.5755 diverged=False final_tau=13.9684 final_alpha=3.3589376016426695 (117.1s)
  [baseline__ipm__seed6] acc=0.5046 diverged=False (117.6s)
  [tailadaptive__ipm__seed6] acc=0.5046 diverged=False final_tau=11.7925 final_alpha=3.006928791523423 (116.9s)
  [baseline__ipm__seed7] acc=0.7100 diverged=False (118.9s)
  [tailadaptive__ipm__seed7] acc=0.7100 diverged=False final_tau=13.8554 final_alpha=4.248941365665051 (113.6s)
  [baseline__ipm__seed8] acc=0.6367 diverged=False (118.7s)
  [tailadaptive__ipm__seed8] acc=0.6367 diverged=False final_tau=7.1211 final_alpha=3.168182364847854 (113.0s)
  [baseline__ipm__seed9] acc=0.7273 diverged=False (114.7s)
  [tailadaptive__ipm__seed9] acc=0.7272 diverged=False final_tau=22.4269 final_alpha=3.565378395755451 (116.2s)
[ipm] n=10 baseline=0.6458+-0.0620  tailadaptive=0.6460+-0.0621  wilcoxon p=1.000000

MNIST tail-adaptive pilot done.
