  [baseline__clean__seed3] acc=0.3310 diverged=False (16.0s)
  [combo__clean__seed3] acc=0.5422 diverged=False (36.9s)
  [baseline__clean__seed4] acc=0.3637 diverged=False (18.8s)
  [combo__clean__seed4] acc=0.5471 diverged=False (36.7s)
  [baseline__clean__seed5] acc=0.2990 diverged=False (18.6s)
  [combo__clean__seed5] acc=0.5436 diverged=False (35.9s)
  [baseline__clean__seed6] acc=0.3582 diverged=False (19.0s)
  [combo__clean__seed6] acc=0.5414 diverged=False (35.9s)
  [baseline__clean__seed7] acc=0.3403 diverged=False (18.5s)
  [combo__clean__seed7] acc=0.5363 diverged=False (36.3s)
  [baseline__clean__seed8] acc=0.3174 diverged=False (19.5s)
  [combo__clean__seed8] acc=0.5452 diverged=False (36.7s)
  [baseline__clean__seed9] acc=0.2659 diverged=False (18.4s)
  [combo__clean__seed9] acc=0.5432 diverged=False (39.1s)
  [baseline__ipm__seed3] acc=0.3384 diverged=False (23.6s)
  [combo__ipm__seed3] acc=0.5255 diverged=False (41.2s)
  [baseline__ipm__seed4] acc=0.3295 diverged=False (21.7s)
  [combo__ipm__seed4] acc=0.5259 diverged=False (39.6s)
  [baseline__ipm__seed5] acc=0.3246 diverged=False (22.3s)
  [combo__ipm__seed5] acc=0.5319 diverged=False (40.1s)
  [baseline__ipm__seed6] acc=0.3676 diverged=False (23.9s)
  [combo__ipm__seed6] acc=0.5200 diverged=False (39.3s)
  [baseline__ipm__seed7] acc=0.3571 diverged=False (21.4s)
  [combo__ipm__seed7] acc=0.5212 diverged=False (38.2s)
  [baseline__ipm__seed8] acc=0.3999 diverged=False (21.8s)
  [combo__ipm__seed8] acc=0.5281 diverged=False (41.0s)
  [baseline__ipm__seed9] acc=0.3406 diverged=False (21.0s)
  [combo__ipm__seed9] acc=0.5247 diverged=False (39.0s)
[clean] n=10 baseline=0.3279+-0.0301  combo=0.5431+-0.0028  wilcoxon p=0.001953
[ipm] n=10 baseline=0.3565+-0.0253  combo=0.5263+-0.0038  wilcoxon p=0.001953

Pretrained-head pilot done.
