feat_dim=2048
  [baseline__clean__seed0] acc=0.5617 diverged=False (10.2s)
  [combo__clean__seed0] acc=0.6275 diverged=False (23.3s)
  [baseline__clean__seed1] acc=0.5424 diverged=False (12.1s)
  [combo__clean__seed1] acc=0.6337 diverged=False (24.6s)
  [baseline__clean__seed2] acc=0.5037 diverged=False (11.5s)
  [combo__clean__seed2] acc=0.6236 diverged=False (25.0s)
  [baseline__clean__seed3] acc=0.5577 diverged=False (13.0s)
  [combo__clean__seed3] acc=0.6307 diverged=False (26.0s)
  [baseline__clean__seed4] acc=0.5422 diverged=False (13.2s)
  [combo__clean__seed4] acc=0.6327 diverged=False (26.5s)
  [baseline__clean__seed5] acc=0.5250 diverged=False (13.0s)
  [combo__clean__seed5] acc=0.6284 diverged=False (27.4s)
  [baseline__clean__seed6] acc=0.5906 diverged=False (13.2s)
  [combo__clean__seed6] acc=0.6335 diverged=False (27.6s)
  [baseline__clean__seed7] acc=0.5533 diverged=False (13.5s)
  [combo__clean__seed7] acc=0.6348 diverged=False (26.7s)
  [baseline__clean__seed8] acc=0.5092 diverged=False (13.5s)
  [combo__clean__seed8] acc=0.6312 diverged=False (27.0s)
  [baseline__clean__seed9] acc=0.5370 diverged=False (12.7s)
  [combo__clean__seed9] acc=0.6359 diverged=False (25.9s)
  [baseline__ipm__seed0] acc=0.5568 diverged=False (15.0s)
  [combo__ipm__seed0] acc=0.6115 diverged=False (29.1s)
  [baseline__ipm__seed1] acc=0.5306 diverged=False (15.2s)
  [combo__ipm__seed1] acc=0.6211 diverged=False (29.3s)
  [baseline__ipm__seed2] acc=0.5314 diverged=False (17.6s)
  [combo__ipm__seed2] acc=0.6091 diverged=False (36.3s)
  [baseline__ipm__seed3] acc=0.5614 diverged=False (16.4s)
  [combo__ipm__seed3] acc=0.6160 diverged=False (29.5s)
  [baseline__ipm__seed4] acc=0.5392 diverged=False (15.6s)
  [combo__ipm__seed4] acc=0.6206 diverged=False (31.2s)
  [baseline__ipm__seed5] acc=0.5568 diverged=False (16.8s)
  [combo__ipm__seed5] acc=0.6185 diverged=False (40.6s)
  [baseline__ipm__seed6] acc=0.5520 diverged=False (18.2s)
  [combo__ipm__seed6] acc=0.6180 diverged=False (32.7s)
  [baseline__ipm__seed7] acc=0.5321 diverged=False (16.1s)
  [combo__ipm__seed7] acc=0.6187 diverged=False (30.1s)
  [baseline__ipm__seed8] acc=0.5535 diverged=False (15.7s)
  [combo__ipm__seed8] acc=0.6193 diverged=False (31.1s)
  [baseline__ipm__seed9] acc=0.5459 diverged=False (17.1s)
  [combo__ipm__seed9] acc=0.6222 diverged=False (45.9s)
[clean] n=10 baseline=0.5423+-0.0245  combo=0.6312+-0.0036  wilcoxon p=0.001953
[ipm] n=10 baseline=0.5460+-0.0112  combo=0.6175+-0.0040  wilcoxon p=0.001953

Stage-2 pretrained-head pilot done.
