  [baseline__clean__seed0] acc=0.1675 diverged=False (155.8s)
  [tailadaptive__clean__seed0] acc=0.1675 diverged=False final_tau=6.8120 final_alpha=4.609220359864053 (191.9s)
  [baseline__clean__seed1] acc=0.1797 diverged=False (186.2s)
  [tailadaptive__clean__seed1] acc=0.1797 diverged=False final_tau=7.6225 final_alpha=3.7475670651106237 (184.5s)
  [baseline__clean__seed2] acc=0.2152 diverged=False (188.8s)
  [tailadaptive__clean__seed2] acc=0.2152 diverged=False final_tau=5.0626 final_alpha=3.2689932725973145 (184.2s)
  [baseline__clean__seed3] acc=0.1180 diverged=False (187.0s)
  [tailadaptive__clean__seed3] acc=0.1180 diverged=False final_tau=2.9543 final_alpha=3.484443324231997 (188.4s)
  [baseline__clean__seed4] acc=0.1857 diverged=False (192.8s)
  [tailadaptive__clean__seed4] acc=0.1857 diverged=False final_tau=9.3497 final_alpha=3.8321004377230414 (185.0s)
  [baseline__clean__seed5] acc=0.1486 diverged=False (186.0s)
  [tailadaptive__clean__seed5] acc=0.1486 diverged=False final_tau=3.6195 final_alpha=3.6407121971942886 (188.6s)
  [baseline__clean__seed6] acc=0.1474 diverged=False (185.6s)
  [tailadaptive__clean__seed6] acc=0.1475 diverged=False final_tau=22.0254 final_alpha=3.4345782515652536 (183.8s)
  [baseline__clean__seed7] acc=0.1757 diverged=False (189.3s)
  [tailadaptive__clean__seed7] acc=0.1757 diverged=False final_tau=3.5353 final_alpha=4.62868058991327 (184.8s)
  [baseline__clean__seed8] acc=0.2278 diverged=False (189.3s)
  [tailadaptive__clean__seed8] acc=0.2277 diverged=False final_tau=12.5802 final_alpha=4.0487312465377965 (188.4s)
  [baseline__clean__seed9] acc=0.1477 diverged=False (189.8s)
  [tailadaptive__clean__seed9] acc=0.1477 diverged=False final_tau=8.2450 final_alpha=3.943713422901765 (189.7s)
[clean] n=10 baseline=0.1713+-0.0315  tailadaptive=0.1713+-0.0315  wilcoxon p=1.000000
  [baseline__ipm__seed0] acc=0.1684 diverged=False (198.2s)
  [tailadaptive__ipm__seed0] acc=0.1684 diverged=False final_tau=4.2488 final_alpha=8.321637041677354 (194.4s)
  [baseline__ipm__seed1] acc=0.1909 diverged=False (194.4s)
  [tailadaptive__ipm__seed1] acc=0.1909 diverged=False final_tau=4.3951 final_alpha=8.047132853854908 (191.6s)
  [baseline__ipm__seed2] acc=0.1364 diverged=False (168.1s)
  [tailadaptive__ipm__seed2] acc=0.1364 diverged=False final_tau=2.9634 final_alpha=7.860000941345681 (140.1s)
