Loading MNIST...
  [mnist__alpha100.0__seed0] acc=0.9296 loss=0.2188 diverged=False (78.5s)
  [mnist__alpha100.0__seed1] acc=0.9271 loss=0.2398 diverged=False (74.6s)
  [mnist__alpha100.0__seed2] acc=0.9271 loss=0.2332 diverged=False (78.8s)
  [mnist__alpha100.0__seed3] acc=0.9089 loss=0.2860 diverged=False (75.7s)
  [mnist__alpha100.0__seed4] acc=0.9270 loss=0.2331 diverged=False (74.8s)
  [mnist__alpha0.5__seed0] acc=0.9114 loss=0.2803 diverged=False (74.7s)
  [mnist__alpha0.5__seed1] acc=0.9206 loss=0.2569 diverged=False (74.7s)
  [mnist__alpha0.5__seed2] acc=0.9159 loss=0.2688 diverged=False (74.8s)
  [mnist__alpha0.5__seed3] acc=0.9186 loss=0.2662 diverged=False (75.2s)
  [mnist__alpha0.5__seed4] acc=0.9150 loss=0.2830 diverged=False (77.1s)
  [mnist__alpha0.1__seed0] acc=0.9097 loss=0.3093 diverged=False (73.7s)
  [mnist__alpha0.1__seed1] acc=0.9035 loss=0.3209 diverged=False (74.1s)
  [mnist__alpha0.1__seed2] acc=0.8774 loss=0.3772 diverged=False (69.5s)
  [mnist__alpha0.1__seed3] acc=0.8854 loss=0.3593 diverged=False (64.9s)
  [mnist__alpha0.1__seed4] acc=0.8958 loss=0.3328 diverged=False (76.4s)
Loading CIFAR-10...
  [cifar10__alpha100.0__seed0] acc=0.4217 loss=1.6016 diverged=False (132.2s)
  [cifar10__alpha100.0__seed1] acc=0.4094 loss=1.6379 diverged=False (109.7s)
  [cifar10__alpha100.0__seed2] acc=0.4208 loss=1.6287 diverged=False (113.5s)
  [cifar10__alpha100.0__seed3] acc=0.3824 loss=1.7496 diverged=False (117.8s)
  [cifar10__alpha100.0__seed4] acc=0.4132 loss=1.6069 diverged=False (121.8s)
  [cifar10__alpha0.5__seed0] acc=0.3793 loss=1.7627 diverged=False (123.0s)
  [cifar10__alpha0.5__seed1] acc=0.3513 loss=1.8371 diverged=False (127.6s)
  [cifar10__alpha0.5__seed2] acc=0.3302 loss=1.8681 diverged=False (125.2s)
  [cifar10__alpha0.5__seed3] acc=0.3669 loss=1.7931 diverged=False (127.8s)
  [cifar10__alpha0.5__seed4] acc=0.3641 loss=1.7903 diverged=False (138.6s)
  [cifar10__alpha0.1__seed0] acc=0.2953 loss=1.9013 diverged=False (148.4s)
  [cifar10__alpha0.1__seed1] acc=0.2756 loss=1.9849 diverged=False (142.4s)
  [cifar10__alpha0.1__seed2] acc=0.3061 loss=1.9157 diverged=False (138.2s)
  [cifar10__alpha0.1__seed3] acc=0.3123 loss=1.9391 diverged=False (117.9s)
  [cifar10__alpha0.1__seed4] acc=0.2533 loss=1.9944 diverged=False (122.4s)

Vanilla control sweep done.
