  [baseline__clean__seed3] acc=0.1180 diverged=False (194.6s)
  [warmstart__clean__seed3] acc=0.1104 diverged=False (190.1s)
  [baseline__clean__seed4] acc=0.1857 diverged=False (197.7s)
  [warmstart__clean__seed4] acc=0.1428 diverged=False (181.8s)
  [baseline__clean__seed5] acc=0.1486 diverged=False (129.9s)
  [warmstart__clean__seed5] acc=0.2209 diverged=False (125.8s)
  [baseline__clean__seed6] acc=0.1474 diverged=False (125.3s)
  [warmstart__clean__seed6] acc=0.1980 diverged=False (126.4s)
  [baseline__clean__seed7] acc=0.1757 diverged=False (128.3s)
  [warmstart__clean__seed7] acc=0.1685 diverged=False (126.1s)
  [baseline__clean__seed8] acc=0.2278 diverged=False (128.5s)
  [warmstart__clean__seed8] acc=0.2214 diverged=False (127.5s)
  [baseline__clean__seed9] acc=0.1477 diverged=False (130.2s)
  [warmstart__clean__seed9] acc=0.1689 diverged=False (125.6s)
[clean] n=10 baseline=0.1713+-0.0315  warmstart=0.1805+-0.0335  wilcoxon p=0.447266
  [baseline__ipm__seed3] acc=0.1179 diverged=False (131.5s)
  [warmstart__ipm__seed3] acc=0.1144 diverged=False (137.2s)
  [baseline__ipm__seed4] acc=0.1953 diverged=False (133.1s)
  [warmstart__ipm__seed4] acc=0.1961 diverged=False (122.2s)
  [baseline__ipm__seed5] acc=0.1572 diverged=False (116.4s)
  [warmstart__ipm__seed5] acc=0.1571 diverged=False (115.6s)
  [baseline__ipm__seed6] acc=0.1717 diverged=False (112.8s)
  [warmstart__ipm__seed6] acc=0.1611 diverged=False (114.9s)
  [baseline__ipm__seed7] acc=0.1473 diverged=False (113.1s)
  [warmstart__ipm__seed7] acc=0.1530 diverged=False (113.2s)
  [baseline__ipm__seed8] acc=0.1675 diverged=False (113.1s)
  [warmstart__ipm__seed8] acc=0.2099 diverged=False (113.6s)
  [baseline__ipm__seed9] acc=0.1739 diverged=False (113.9s)
  [warmstart__ipm__seed9] acc=0.1630 diverged=False (113.6s)
[ipm] n=10 baseline=0.1626+-0.0226  warmstart=0.1693+-0.0290  wilcoxon p=0.431641

Warm-start scale-up done.
